../Core/Src/main.c:127:5:__io_putchar	1
../Core/Src/main.c:162:6:sendATCommand	1
../Core/Src/main.c:168:6:connectToGPRS	1
../Core/Src/main.c:171:6:connectToMQTT	1
../Core/Src/main.c:179:6:publishToMQTT	1
../Core/Src/main.c:202:5:main	1
../Core/Src/main.c:331:6:SystemClock_Config	3
../Core/Src/main.c:371:13:MX_SPI1_Init	2
../Core/Src/main.c:409:13:MX_USART1_UART_Init	2
../Core/Src/main.c:442:13:MX_GPIO_Init	1
../Core/Src/main.c:495:6:StartDefaultTask	1
../Core/Src/main.c:515:6:StartTask02	1
../Core/Src/main.c:549:6:StartTask03	1
../Core/Src/main.c:579:6:StartinterruptTask	1
../Core/Src/main.c:610:6:HAL_TIM_PeriodElapsedCallback	2
../Core/Src/main.c:622:9:HAL_GPIO_EXTI_Callback	2
../Core/Src/main.c:636:6:Error_Handler	1
