../Core/Src/main.c:127:5:__io_putchar	16	static
../Core/Src/main.c:162:6:sendATCommand	16	static
../Core/Src/main.c:168:6:connectToGPRS	8	static
../Core/Src/main.c:171:6:connectToMQTT	144	static
../Core/Src/main.c:179:6:publishToMQTT	208	static
../Core/Src/main.c:202:5:main	64	static
../Core/Src/main.c:331:6:SystemClock_Config	72	static
../Core/Src/main.c:371:13:MX_SPI1_Init	8	static
../Core/Src/main.c:409:13:MX_USART1_UART_Init	8	static
../Core/Src/main.c:442:13:MX_GPIO_Init	40	static
../Core/Src/main.c:495:6:StartDefaultTask	16	static
../Core/Src/main.c:515:6:StartTask02	16	static
../Core/Src/main.c:549:6:StartTask03	16	static
../Core/Src/main.c:579:6:StartinterruptTask	16	static
../Core/Src/main.c:610:6:HAL_TIM_PeriodElapsedCallback	16	static
../Core/Src/main.c:622:9:HAL_GPIO_EXTI_Callback	16	static
../Core/Src/main.c:636:6:Error_Handler	4	static,ignoring_inline_asm
