../Core/Src/main.c:129:5:__io_putchar	1
../Core/Src/main.c:160:6:sendATCommand	1
../Core/Src/main.c:166:6:connectToGPRS	1
../Core/Src/main.c:169:6:connectToMQTT	1
../Core/Src/main.c:177:6:publishToMQTT	1
../Core/Src/main.c:201:5:main	1
../Core/Src/main.c:328:6:SystemClock_Config	3
../Core/Src/main.c:368:13:MX_SPI1_Init	2
../Core/Src/main.c:406:13:MX_USART1_UART_Init	2
../Core/Src/main.c:439:13:MX_GPIO_Init	1
../Core/Src/main.c:492:6:StartDefaultTask	1
../Core/Src/main.c:512:6:StartTask02	1
../Core/Src/main.c:546:6:StartTask03	1
../Core/Src/main.c:576:6:StartinterruptTask	1
../Core/Src/main.c:607:6:HAL_TIM_PeriodElapsedCallback	2
../Core/Src/main.c:618:2:HAL_UART_RxCpltCallback	3
../Core/Src/main.c:627:9:HAL_GPIO_EXTI_Callback	2
../Core/Src/main.c:641:6:Error_Handler	1
