../Core/Src/main.c:129:5:__io_putchar	16	static
../Core/Src/main.c:160:6:sendATCommand	16	static
../Core/Src/main.c:166:6:connectToGPRS	8	static
../Core/Src/main.c:169:6:connectToMQTT	144	static
../Core/Src/main.c:177:6:publishToMQTT	208	static
../Core/Src/main.c:201:5:main	64	static
../Core/Src/main.c:328:6:SystemClock_Config	72	static
../Core/Src/main.c:368:13:MX_SPI1_Init	8	static
../Core/Src/main.c:406:13:MX_USART1_UART_Init	8	static
../Core/Src/main.c:439:13:MX_GPIO_Init	40	static
../Core/Src/main.c:492:6:StartDefaultTask	16	static
../Core/Src/main.c:512:6:StartTask02	16	static
../Core/Src/main.c:546:6:StartTask03	16	static
../Core/Src/main.c:576:6:StartinterruptTask	16	static
../Core/Src/main.c:607:6:HAL_TIM_PeriodElapsedCallback	16	static
../Core/Src/main.c:618:2:HAL_UART_RxCpltCallback	16	static
../Core/Src/main.c:627:9:HAL_GPIO_EXTI_Callback	16	static
../Core/Src/main.c:641:6:Error_Handler	4	static,ignoring_inline_asm
